package users_test

func (*UserStoreMock) Close()
func (*UserStoreMock) Get(ctx context.Context, id string) (string, error)
func (*UserStoreMock) Log(format string, args ...any)
func (*UserStoreMock) Put(arg0 string) error
type UserStoreMock struct{CloseFunc func(); GetFunc func(context.Context, string) (string, error); LogFunc func(string, []any); PutFunc func(string) error}
